// Jest Snapshot v1, https://goo.gl/fbAQLP

exports[`y-checkboxitem组件 快照 1`] = `
<body>
  <y-checkbox-item
    params="label: item.label, value: item.value, valueList: valueList"
  >
    <label
      class="y-checkbox-item y-checkbox-item-checked"
      data-bind=",clickBubble: clickBubble,event:{click:hanldeClick},css:{'y-checkbox-item-checked': checked() && checked() != 0 }"
    >
      
  
      <span
        class="y-checkbox-item--inner-warpper"
      >
        
    
        <span
          class="y-checkbox-item-inner"
        >
          
      
          <input
            data-bind="attr:{disabled:disabled}"
            type="checkbox"
          />
          
    
        </span>
        
  
      </span>
      
  
      <span
        class="y-checkbox-label"
        data-bind="text:label"
      >
        男
      </span>
      
  
      <span
        class="y-checkbox-second-secondarylabel"
        data-bind="text:secondarylabel"
      >
        
      </span>
      

    </label>
    

  </y-checkbox-item>
</body>
`;
